[32m2026-02-16 15:16:17.516 INFO (MainThread) [homeassistant.setup] Setting up automation[0m
[32m2026-02-16 15:16:17.530 INFO (MainThread) [homeassistant.setup] Setup of domain automation took 0.01 seconds[0m
[32m2026-02-16 15:16:17.535 INFO (MainThread) [aioesphomeapi.reconnect_logic] Successful handshake with atom-bluetooth-proxy-b86314 @ 192.168.86.215 in 0.086s[0m
[32m2026-02-16 15:16:17.594 INFO (MainThread) [custom_components.mspa] MSpa integration mspa setup complete[0m
[32m2026-02-16 15:16:17.852 INFO (zeroconf-ServiceBrowser-_googlecast._tcp-126) [homeassistant.components.cast.helpers] Fetched cast details for unknown model 'Lenovo Smart Clock' manufacturer: 'LENOVO', type: 'audio'. Please create a bug report at https://github.com/home-assistant/core/issues?q=is%3Aopen+is%3Aissue+label%3A%22integration%3A+cast%22[0m
[32m2026-02-16 15:16:17.909 INFO (MainThread) [homeassistant.components.sensor] Setting up ondilo_ico.sensor[0m
[32m2026-02-16 15:16:18.120 INFO (MainThread) [homeassistant.components.binary_sensor] Setting up tibber.binary_sensor[0m
[32m2026-02-16 15:16:18.121 INFO (MainThread) [homeassistant.components.notify] Setting up tibber.notify[0m
[32m2026-02-16 15:16:18.121 INFO (MainThread) [homeassistant.components.sensor] Setting up tibber.sensor[0m
[32m2026-02-16 15:16:18.309 INFO (MainThread) [habluetooth.wrappers] 58:2B:DB:96:58:AE - PAX Calima: Found 1 connection path(s), preferred order: atom-bluetooth-proxy-b86314 (64:B7:08:B8:63:16) (RSSI=-61) (failures=0) (in_progress=0) (slots=3/3 free) (score=-61.0)[0m
[32m2026-02-16 15:16:18.794 INFO (MainThread) [homeassistant.components.sensor] Setting up google_drive.sensor[0m
[32m2026-02-16 15:16:20.563 INFO (MainThread) [homeassistant.components.binary_sensor] Setting up netatmo.binary_sensor[0m
[32m2026-02-16 15:16:20.563 INFO (MainThread) [homeassistant.components.button] Setting up netatmo.button[0m
[32m2026-02-16 15:16:20.564 INFO (MainThread) [homeassistant.components.camera] Setting up netatmo.camera[0m
[32m2026-02-16 15:16:20.564 INFO (MainThread) [homeassistant.components.climate] Setting up netatmo.climate[0m
[32m2026-02-16 15:16:20.566 INFO (MainThread) [homeassistant.components.cover] Setting up netatmo.cover[0m
[32m2026-02-16 15:16:20.567 INFO (MainThread) [homeassistant.components.fan] Setting up netatmo.fan[0m
[32m2026-02-16 15:16:20.567 INFO (MainThread) [homeassistant.components.light] Setting up netatmo.light[0m
[32m2026-02-16 15:16:20.567 INFO (MainThread) [homeassistant.components.select] Setting up netatmo.select[0m
[32m2026-02-16 15:16:20.567 INFO (MainThread) [homeassistant.components.sensor] Setting up netatmo.sensor[0m
[32m2026-02-16 15:16:20.567 INFO (MainThread) [homeassistant.components.switch] Setting up netatmo.switch[0m
[32m2026-02-16 15:16:20.626 INFO (MainThread) [homeassistant.setup] Setting up time[0m
[32m2026-02-16 15:16:20.627 INFO (MainThread) [homeassistant.setup] Setup of domain time took 0.00 seconds[0m
[32m2026-02-16 15:16:20.627 INFO (MainThread) [homeassistant.components.time] Setting up pax_ble.time[0m
[32m2026-02-16 15:16:20.628 INFO (MainThread) [homeassistant.components.sensor] Setting up pax_ble.sensor[0m
[32m2026-02-16 15:16:20.629 INFO (MainThread) [homeassistant.components.switch] Setting up pax_ble.switch[0m
[32m2026-02-16 15:16:20.631 INFO (MainThread) [homeassistant.components.number] Setting up pax_ble.number[0m
[32m2026-02-16 15:16:20.633 INFO (MainThread) [homeassistant.components.select] Setting up pax_ble.select[0m
[32m2026-02-16 15:16:20.662 INFO (MainThread) [homeassistant.components.binary_sensor] Setting up smartthings.binary_sensor[0m
[32m2026-02-16 15:16:20.663 INFO (MainThread) [homeassistant.components.button] Setting up smartthings.button[0m
[32m2026-02-16 15:16:20.664 INFO (MainThread) [homeassistant.components.climate] Setting up smartthings.climate[0m
[32m2026-02-16 15:16:20.665 INFO (MainThread) [homeassistant.components.cover] Setting up smartthings.cover[0m
[32m2026-02-16 15:16:20.665 INFO (MainThread) [homeassistant.components.event] Setting up smartthings.event[0m
[32m2026-02-16 15:16:20.668 INFO (MainThread) [homeassistant.components.fan] Setting up smartthings.fan[0m
[32m2026-02-16 15:16:20.668 INFO (MainThread) [homeassistant.components.light] Setting up smartthings.light[0m
[32m2026-02-16 15:16:20.670 INFO (MainThread) [homeassistant.components.lock] Setting up smartthings.lock[0m
[32m2026-02-16 15:16:20.670 INFO (MainThread) [homeassistant.components.media_player] Setting up smartthings.media_player[0m
[32m2026-02-16 15:16:20.671 INFO (MainThread) [homeassistant.components.number] Setting up smartthings.number[0m
[32m2026-02-16 15:16:20.671 INFO (MainThread) [homeassistant.components.scene] Setting up smartthings.scene[0m
[32m2026-02-16 15:16:20.671 INFO (MainThread) [homeassistant.components.select] Setting up smartthings.select[0m
[32m2026-02-16 15:16:20.671 INFO (MainThread) [homeassistant.components.sensor] Setting up smartthings.sensor[0m
[32m2026-02-16 15:16:20.680 INFO (MainThread) [homeassistant.components.switch] Setting up smartthings.switch[0m
[32m2026-02-16 15:16:20.680 INFO (MainThread) [homeassistant.components.update] Setting up smartthings.update[0m
[32m2026-02-16 15:16:20.681 INFO (MainThread) [homeassistant.components.vacuum] Setting up smartthings.vacuum[0m
[32m2026-02-16 15:16:20.681 INFO (MainThread) [homeassistant.components.valve] Setting up smartthings.valve[0m
[32m2026-02-16 15:16:20.681 INFO (MainThread) [homeassistant.components.water_heater] Setting up smartthings.water_heater[0m
[32m2026-02-16 15:16:30.621 INFO (MainThread) [habluetooth.wrappers] 58:2B:DB:96:58:AE - PAX Calima: Found 1 connection path(s), preferred order: atom-bluetooth-proxy-b86314 (64:B7:08:B8:63:16) (RSSI=-65) (failures=0) (in_progress=0) (slots=3/3 free) (score=-65.0)[0m
[32m2026-02-16 15:16:33.308 INFO (MainThread) [homeassistant.bootstrap] Home Assistant initialized in 25.83s[0m
[32m2026-02-16 15:16:33.309 INFO (MainThread) [homeassistant.core] Starting Home Assistant 2026.2.1[0m
[32m2026-02-16 15:16:33.322 INFO (MainThread) [homeassistant.setup] Setting up alexa[0m
[32m2026-02-16 15:16:33.322 INFO (MainThread) [homeassistant.setup] Setup of domain alexa took 0.00 seconds[0m
[32m2026-02-16 15:16:33.322 INFO (MainThread) [homeassistant.setup] Setting up google_assistant[0m
[32m2026-02-16 15:16:33.323 INFO (MainThread) [custom_components.hacs] Stage changed: startup[0m
[32m2026-02-16 15:16:33.325 INFO (MainThread) [homeassistant.components.template.coordinator] Initialized trigger[0m
[32m2026-02-16 15:16:33.325 INFO (MainThread) [homeassistant.components.template.coordinator] Initialized trigger[0m
[32m2026-02-16 15:16:33.326 INFO (MainThread) [homeassistant.components.template.coordinator] Initialized trigger[0m
[32m2026-02-16 15:16:33.341 INFO (MainThread) [custom_components.hacs] Loading removed repositories[0m
[32m2026-02-16 15:16:33.344 INFO (MainThread) [homeassistant.setup] Setup of domain google_assistant took 0.02 seconds[0m
[32m2026-02-16 15:16:33.432 INFO (MainThread) [custom_components.hacs] Loading known repositories[0m
[32m2026-02-16 15:16:33.814 INFO (MainThread) [custom_components.hacs] Stage changed: running[0m
[32m2026-02-16 15:16:33.857 INFO (SyncWorker_4) [homeassistant.loader] Loaded thread from homeassistant.components.thread[0m
[32m2026-02-16 15:16:33.861 INFO (SyncWorker_5) [homeassistant.loader] Loaded upnp from homeassistant.components.upnp[0m
[32m2026-02-16 15:16:33.863 INFO (MainThread) [homeassistant.components.automation.away] Initialized trigger Home Away (actvate scenes)[0m
[32m2026-02-16 15:16:33.864 INFO (MainThread) [homeassistant.components.automation.night] Initialized trigger Nighttime livingroom[0m
[32m2026-02-16 15:16:33.865 INFO (MainThread) [homeassistant.components.automation.bench_on] Initialized trigger Bench on[0m
[32m2026-02-16 15:16:33.866 INFO (MainThread) [homeassistant.components.automation.window_on] Initialized trigger Window on[0m
[32m2026-02-16 15:16:33.866 INFO (MainThread) [homeassistant.components.automation.nighttime] Initialized trigger Nighttime bedroom[0m
[32m2026-02-16 15:16:33.866 INFO (MainThread) [homeassistant.components.automation.daytime] Initialized trigger Daytime[0m
[32m2026-02-16 15:16:33.866 INFO (MainThread) [homeassistant.components.automation.relay_setpoint] Initialized trigger Relay setpoint[0m
[32m2026-02-16 15:16:33.867 INFO (MainThread) [homeassistant.components.automation.water_running] Initialized trigger Water running[0m
[32m2026-02-16 15:16:33.867 INFO (MainThread) [homeassistant.components.automation.water_filled] Initialized trigger Water filled[0m
[32m2026-02-16 15:16:33.867 INFO (MainThread) [homeassistant.components.automation.update_well_monitor] Initialized trigger Update well monitor[0m
[32m2026-02-16 15:16:33.870 INFO (MainThread) [homeassistant.components.automation.statistics_reload_on_start] Statistics reload on start: Running automation actions[0m
[32m2026-02-16 15:16:33.871 INFO (MainThread) [homeassistant.components.automation.statistics_reload_on_start] Statistics reload on start: Executing step delay 0:00:30[0m
[32m2026-02-16 15:16:33.872 INFO (MainThread) [homeassistant.components.automation.statistics_reload_on_start] Initialized trigger Statistics reload on start[0m
[32m2026-02-16 15:16:33.872 INFO (MainThread) [homeassistant.components.automation.well_heater_limitation] Initialized trigger Well heater limitation[0m
[32m2026-02-16 15:16:33.872 INFO (MainThread) [homeassistant.components.automation.sunrise] Initialized trigger Sunrise light [0m
[32m2026-02-16 15:16:33.873 INFO (MainThread) [homeassistant.components.automation.sunset] Initialized trigger Sunset light[0m
[32m2026-02-16 15:16:33.873 INFO (MainThread) [homeassistant.components.automation.night_front_door_off] Initialized trigger Night front door off[0m
[32m2026-02-16 15:16:33.873 INFO (MainThread) [homeassistant.components.automation.morning_light_3] Initialized trigger Morning light[0m
[32m2026-02-16 15:16:33.874 INFO (MainThread) [homeassistant.components.automation.start_charging_wall_panel] Initialized trigger Start charging wall panel[0m
[32m2026-02-16 15:16:33.874 INFO (MainThread) [homeassistant.components.automation.stop_charging_wall_panel] Initialized trigger Stop charging wall panel[0m
[32m2026-02-16 15:16:33.874 INFO (MainThread) [homeassistant.components.automation.hot_tub_light_up] Initialized trigger Hot tub light up[0m
[32m2026-02-16 15:16:33.876 INFO (MainThread) [homeassistant.components.automation.hot_tub_light_off] Initialized trigger Hot tub light off[0m
[32m2026-02-16 15:16:33.876 INFO (MainThread) [homeassistant.components.automation.wall_panel_dim] Initialized trigger Wall panel dim[0m
[32m2026-02-16 15:16:33.879 INFO (MainThread) [homeassistant.components.automation.arriving_soon_new] Initialized trigger Home Away (actions)[0m
[32m2026-02-16 15:16:33.880 INFO (MainThread) [homeassistant.components.automation.cast_to_nest] Initialized trigger Cast to nest[0m
[32m2026-02-16 15:16:33.880 INFO (MainThread) [homeassistant.components.automation.suppress_shelly_bt_proxy_2] Suppress Shelly BT Proxy: Running automation actions[0m
[32m2026-02-16 15:16:33.882 INFO (MainThread) [homeassistant.components.automation.suppress_shelly_bt_proxy_2] Suppress Shelly BT Proxy: If at step 1: Running automation actions[0m
[32m2026-02-16 15:16:33.883 INFO (MainThread) [homeassistant.components.automation.suppress_shelly_bt_proxy_2] Suppress Shelly BT Proxy: If at step 1: Executing step delay 0:00:30[0m
[32m2026-02-16 15:16:33.883 INFO (MainThread) [homeassistant.components.automation.suppress_shelly_bt_proxy_2] Initialized trigger Suppress Shelly BT Proxy[0m
[32m2026-02-16 15:16:38.886 INFO (MainThread) [homeassistant.components.mqtt.client] MQTT client initialized, birth message sent[0m
[32m2026-02-16 15:16:46.460 INFO (MainThread) [custom_components.entur_sx.api] [GLOBAL QUOTA] Request completed for SKY. Quota: 2/4 used, 2 remaining[0m
[31m2026-02-16 15:16:46.707 ERROR (MainThread) [homeassistant] Error doing job: Task exception was never retrieved (task: None)
Traceback (most recent call last):
  File "/usr/src/homeassistant/homeassistant/helpers/update_coordinator.py", line 294, in _handle_refresh_interval
    await self._async_refresh(log_failures=True, scheduled=True)
  File "/usr/src/homeassistant/homeassistant/helpers/update_coordinator.py", line 533, in _async_refresh
    self.async_update_listeners()
    ~~~~~~~~~~~~~~~~~~~~~~~~~~~^^
  File "/usr/src/homeassistant/homeassistant/helpers/update_coordinator.py", line 200, in async_update_listeners
    update_callback()
    ~~~~~~~~~~~~~~~^^
  File "/usr/src/homeassistant/homeassistant/helpers/update_coordinator.py", line 613, in _handle_coordinator_update
    self.async_write_ha_state()
    ~~~~~~~~~~~~~~~~~~~~~~~~~^^
  File "/usr/src/homeassistant/homeassistant/helpers/entity.py", line 1018, in async_write_ha_state
    self._async_write_ha_state()
    ~~~~~~~~~~~~~~~~~~~~~~~~~~^^
  File "/usr/src/homeassistant/homeassistant/helpers/entity.py", line 1163, in _async_write_ha_state
    ) = self.__async_calculate_state()
        ~~~~~~~~~~~~~~~~~~~~~~~~~~~~^^
  File "/usr/src/homeassistant/homeassistant/helpers/entity.py", line 1092, in __async_calculate_state
    if (entity_picture := self.entity_picture) is not None:
                          ^^^^^^^^^^^^^^^^^^^
  File "/config/custom_components/entur_sx/sensor.py", line 527, in entity_picture
    self._icon_svg_cache = _create_icon_svg(transport_mode)
                           ~~~~~~~~~~~~~~~~^^^^^^^^^^^^^^^^
  File "/config/custom_components/entur_sx/sensor.py", line 269, in _create_icon_svg
    icon_svg = base64.b64decode(icon_base64).decode('utf-8')
               ~~~~~~~~~~~~~~~~^^^^^^^^^^^^^
  File "/usr/local/lib/python3.13/base64.py", line 88, in b64decode
    return binascii.a2b_base64(s, strict_mode=validate)
           ~~~~~~~~~~~~~~~~~~~^^^^^^^^^^^^^^^^^^^^^^^^^
binascii.Error: Incorrect padding[0m
[32m2026-02-16 15:17:03.872 INFO (MainThread) [homeassistant.components.automation.statistics_reload_on_start] Statistics reload on start: Executing step call service[0m
[32m2026-02-16 15:17:03.893 INFO (MainThread) [homeassistant.components.automation.suppress_shelly_bt_proxy_2] Suppress Shelly BT Proxy: Executing step call service[0m
[32m2026-02-16 15:17:03.902 INFO (MainThread) [homeassistant.components.sensor] Setting up statistics.sensor[0m
[32m2026-02-16 15:17:03.903 INFO (MainThread) [homeassistant.components.sensor] Setting up statistics.sensor[0m
[32m2026-02-16 15:17:16.461 INFO (MainThread) [custom_components.entur_sx.api] [GLOBAL QUOTA] Request completed for SKY. Quota: 2/4 used, 2 remaining[0m
[31m2026-02-16 15:17:16.724 ERROR (MainThread) [homeassistant] Error doing job: Task exception was never retrieved (task: None)
Traceback (most recent call last):
  File "/usr/src/homeassistant/homeassistant/helpers/update_coordinator.py", line 294, in _handle_refresh_interval
    await self._async_refresh(log_failures=True, scheduled=True)
  File "/usr/src/homeassistant/homeassistant/helpers/update_coordinator.py", line 533, in _async_refresh
    self.async_update_listeners()
    ~~~~~~~~~~~~~~~~~~~~~~~~~~~^^
  File "/usr/src/homeassistant/homeassistant/helpers/update_coordinator.py", line 200, in async_update_listeners
    update_callback()
    ~~~~~~~~~~~~~~~^^
  File "/usr/src/homeassistant/homeassistant/helpers/update_coordinator.py", line 613, in _handle_coordinator_update
    self.async_write_ha_state()
    ~~~~~~~~~~~~~~~~~~~~~~~~~^^
  File "/usr/src/homeassistant/homeassistant/helpers/entity.py", line 1018, in async_write_ha_state
    self._async_write_ha_state()
    ~~~~~~~~~~~~~~~~~~~~~~~~~~^^
  File "/usr/src/homeassistant/homeassistant/helpers/entity.py", line 1163, in _async_write_ha_state
    ) = self.__async_calculate_state()
        ~~~~~~~~~~~~~~~~~~~~~~~~~~~~^^
  File "/usr/src/homeassistant/homeassistant/helpers/entity.py", line 1092, in __async_calculate_state
    if (entity_picture := self.entity_picture) is not None:
                          ^^^^^^^^^^^^^^^^^^^
  File "/config/custom_components/entur_sx/sensor.py", line 527, in entity_picture
    self._icon_svg_cache = _create_icon_svg(transport_mode)
                           ~~~~~~~~~~~~~~~~^^^^^^^^^^^^^^^^
  File "/config/custom_components/entur_sx/sensor.py", line 269, in _create_icon_svg
    icon_svg = base64.b64decode(icon_base64).decode('utf-8')
               ~~~~~~~~~~~~~~~~^^^^^^^^^^^^^
  File "/usr/local/lib/python3.13/base64.py", line 88, in b64decode
    return binascii.a2b_base64(s, strict_mode=validate)
           ~~~~~~~~~~~~~~~~~~~^^^^^^^^^^^^^^^^^^^^^^^^^
binascii.Error: Incorrect padding[0m
[32m2026-02-16 15:17:31.257 INFO (MainThread) [habluetooth.wrappers] 58:2B:DB:96:58:AE - PAX Calima: Found 1 connection path(s), preferred order: atom-bluetooth-proxy-b86314 (64:B7:08:B8:63:16) (RSSI=-64) (failures=0) (in_progress=0) (slots=3/3 free) (score=-64.0)[0m
[32m2026-02-16 15:17:46.461 INFO (MainThread) [custom_components.entur_sx.api] [GLOBAL QUOTA] Request completed for SKY. Quota: 2/4 used, 2 remaining[0m
[31m2026-02-16 15:17:46.708 ERROR (MainThread) [homeassistant] Error doing job: Task exception was never retrieved (task: None)
Traceback (most recent call last):
  File "/usr/src/homeassistant/homeassistant/helpers/update_coordinator.py", line 294, in _handle_refresh_interval
    await self._async_refresh(log_failures=True, scheduled=True)
  File "/usr/src/homeassistant/homeassistant/helpers/update_coordinator.py", line 533, in _async_refresh
    self.async_update_listeners()
    ~~~~~~~~~~~~~~~~~~~~~~~~~~~^^
  File "/usr/src/homeassistant/homeassistant/helpers/update_coordinator.py", line 200, in async_update_listeners
    update_callback()
    ~~~~~~~~~~~~~~~^^
  File "/usr/src/homeassistant/homeassistant/helpers/update_coordinator.py", line 613, in _handle_coordinator_update
    self.async_write_ha_state()
    ~~~~~~~~~~~~~~~~~~~~~~~~~^^
  File "/usr/src/homeassistant/homeassistant/helpers/entity.py", line 1018, in async_write_ha_state
    self._async_write_ha_state()
    ~~~~~~~~~~~~~~~~~~~~~~~~~~^^
  File "/usr/src/homeassistant/homeassistant/helpers/entity.py", line 1163, in _async_write_ha_state
    ) = self.__async_calculate_state()
        ~~~~~~~~~~~~~~~~~~~~~~~~~~~~^^
  File "/usr/src/homeassistant/homeassistant/helpers/entity.py", line 1092, in __async_calculate_state
    if (entity_picture := self.entity_picture) is not None:
                          ^^^^^^^^^^^^^^^^^^^
  File "/config/custom_components/entur_sx/sensor.py", line 527, in entity_picture
    self._icon_svg_cache = _create_icon_svg(transport_mode)
                           ~~~~~~~~~~~~~~~~^^^^^^^^^^^^^^^^
  File "/config/custom_components/entur_sx/sensor.py", line 269, in _create_icon_svg
    icon_svg = base64.b64decode(icon_base64).decode('utf-8')
               ~~~~~~~~~~~~~~~~^^^^^^^^^^^^^
  File "/usr/local/lib/python3.13/base64.py", line 88, in b64decode
    return binascii.a2b_base64(s, strict_mode=validate)
           ~~~~~~~~~~~~~~~~~~~^^^^^^^^^^^^^^^^^^^^^^^^^
binascii.Error: Incorrect padding[0m
[32m2026-02-16 15:18:00.327 INFO (MainThread) [homeassistant.components.automation.cast_to_nest] Cast to nest: Running automation actions[0m
[32m2026-02-16 15:18:16.461 INFO (MainThread) [custom_components.entur_sx.api] [GLOBAL QUOTA] Request completed for SKY. Quota: 2/4 used, 2 remaining[0m
[31m2026-02-16 15:18:16.717 ERROR (MainThread) [homeassistant] Error doing job: Task exception was never retrieved (task: None)
Traceback (most recent call last):
  File "/usr/src/homeassistant/homeassistant/helpers/update_coordinator.py", line 294, in _handle_refresh_interval
    await self._async_refresh(log_failures=True, scheduled=True)
  File "/usr/src/homeassistant/homeassistant/helpers/update_coordinator.py", line 533, in _async_refresh
    self.async_update_listeners()
    ~~~~~~~~~~~~~~~~~~~~~~~~~~~^^
  File "/usr/src/homeassistant/homeassistant/helpers/update_coordinator.py", line 200, in async_update_listeners
    update_callback()
    ~~~~~~~~~~~~~~~^^
  File "/usr/src/homeassistant/homeassistant/helpers/update_coordinator.py", line 613, in _handle_coordinator_update
    self.async_write_ha_state()
    ~~~~~~~~~~~~~~~~~~~~~~~~~^^
  File "/usr/src/homeassistant/homeassistant/helpers/entity.py", line 1018, in async_write_ha_state
    self._async_write_ha_state()
    ~~~~~~~~~~~~~~~~~~~~~~~~~~^^
  File "/usr/src/homeassistant/homeassistant/helpers/entity.py", line 1163, in _async_write_ha_state
    ) = self.__async_calculate_state()
        ~~~~~~~~~~~~~~~~~~~~~~~~~~~~^^
  File "/usr/src/homeassistant/homeassistant/helpers/entity.py", line 1092, in __async_calculate_state
    if (entity_picture := self.entity_picture) is not None:
                          ^^^^^^^^^^^^^^^^^^^
  File "/config/custom_components/entur_sx/sensor.py", line 527, in entity_picture
    self._icon_svg_cache = _create_icon_svg(transport_mode)
                           ~~~~~~~~~~~~~~~~^^^^^^^^^^^^^^^^
  File "/config/custom_components/entur_sx/sensor.py", line 269, in _create_icon_svg
    icon_svg = base64.b64decode(icon_base64).decode('utf-8')
               ~~~~~~~~~~~~~~~~^^^^^^^^^^^^^
  File "/usr/local/lib/python3.13/base64.py", line 88, in b64decode
    return binascii.a2b_base64(s, strict_mode=validate)
           ~~~~~~~~~~~~~~~~~~~^^^^^^^^^^^^^^^^^^^^^^^^^
binascii.Error: Incorrect padding[0m
[31m2026-02-16 15:18:31.197 ERROR (MainThread) [snitun.multiplexer.core] Timeout error while pinging peer[0m
[32m2026-02-16 15:18:32.256 INFO (MainThread) [habluetooth.wrappers] 58:2B:DB:96:58:AE - PAX Calima: Found 1 connection path(s), preferred order: atom-bluetooth-proxy-b86314 (64:B7:08:B8:63:16) (RSSI=-60) (failures=0) (in_progress=0) (slots=3/3 free) (score=-60.0)[0m
[32m2026-02-16 15:18:46.320 INFO (MainThread) [snitun.utils.aiohttp_client] AioHTTP snitun client connected to: eu-central-1-8.ui.nabu.casa:443[0m
[32m2026-02-16 15:18:46.460 INFO (MainThread) [custom_components.entur_sx.api] [GLOBAL QUOTA] Request completed for SKY. Quota: 3/4 used, 1 remaining[0m
[31m2026-02-16 15:18:46.729 ERROR (MainThread) [homeassistant] Error doing job: Task exception was never retrieved (task: None)
Traceback (most recent call last):
  File "/usr/src/homeassistant/homeassistant/helpers/update_coordinator.py", line 294, in _handle_refresh_interval
    await self._async_refresh(log_failures=True, scheduled=True)
  File "/usr/src/homeassistant/homeassistant/helpers/update_coordinator.py", line 533, in _async_refresh
    self.async_update_listeners()
    ~~~~~~~~~~~~~~~~~~~~~~~~~~~^^
  File "/usr/src/homeassistant/homeassistant/helpers/update_coordinator.py", line 200, in async_update_listeners
    update_callback()
    ~~~~~~~~~~~~~~~^^
  File "/usr/src/homeassistant/homeassistant/helpers/update_coordinator.py", line 613, in _handle_coordinator_update
    self.async_write_ha_state()
    ~~~~~~~~~~~~~~~~~~~~~~~~~^^
  File "/usr/src/homeassistant/homeassistant/helpers/entity.py", line 1018, in async_write_ha_state
    self._async_write_ha_state()
    ~~~~~~~~~~~~~~~~~~~~~~~~~~^^
  File "/usr/src/homeassistant/homeassistant/helpers/entity.py", line 1163, in _async_write_ha_state
    ) = self.__async_calculate_state()
        ~~~~~~~~~~~~~~~~~~~~~~~~~~~~^^
  File "/usr/src/homeassistant/homeassistant/helpers/entity.py", line 1092, in __async_calculate_state
    if (entity_picture := self.entity_picture) is not None:
                          ^^^^^^^^^^^^^^^^^^^
  File "/config/custom_components/entur_sx/sensor.py", line 527, in entity_picture
    self._icon_svg_cache = _create_icon_svg(transport_mode)
                           ~~~~~~~~~~~~~~~~^^^^^^^^^^^^^^^^
  File "/config/custom_components/entur_sx/sensor.py", line 269, in _create_icon_svg
    icon_svg = base64.b64decode(icon_base64).decode('utf-8')
               ~~~~~~~~~~~~~~~~^^^^^^^^^^^^^
  File "/usr/local/lib/python3.13/base64.py", line 88, in b64decode
    return binascii.a2b_base64(s, strict_mode=validate)
           ~~~~~~~~~~~~~~~~~~~^^^^^^^^^^^^^^^^^^^^^^^^^
binascii.Error: Incorrect padding[0m
[32m2026-02-16 15:19:16.461 INFO (MainThread) [custom_components.entur_sx.api] [GLOBAL QUOTA] Request completed for SKY. Quota: 3/4 used, 1 remaining[0m
[32m2026-02-16 15:19:16.647 INFO (MainThread) [custom_components.entur_sx.api] API rate limit headers: 2/5 requests remaining until Mon Feb 16 2026 14:19:45 GMT-0000 (GMT)[0m
[31m2026-02-16 15:19:16.722 ERROR (MainThread) [homeassistant] Error doing job: Task exception was never retrieved (task: None)
Traceback (most recent call last):
  File "/usr/src/homeassistant/homeassistant/helpers/update_coordinator.py", line 294, in _handle_refresh_interval
    await self._async_refresh(log_failures=True, scheduled=True)
  File "/usr/src/homeassistant/homeassistant/helpers/update_coordinator.py", line 533, in _async_refresh
    self.async_update_listeners()
    ~~~~~~~~~~~~~~~~~~~~~~~~~~~^^
  File "/usr/src/homeassistant/homeassistant/helpers/update_coordinator.py", line 200, in async_update_listeners
    update_callback()
    ~~~~~~~~~~~~~~~^^
  File "/usr/src/homeassistant/homeassistant/helpers/update_coordinator.py", line 613, in _handle_coordinator_update
    self.async_write_ha_state()
    ~~~~~~~~~~~~~~~~~~~~~~~~~^^
  File "/usr/src/homeassistant/homeassistant/helpers/entity.py", line 1018, in async_write_ha_state
    self._async_write_ha_state()
    ~~~~~~~~~~~~~~~~~~~~~~~~~~^^
  File "/usr/src/homeassistant/homeassistant/helpers/entity.py", line 1163, in _async_write_ha_state
    ) = self.__async_calculate_state()
        ~~~~~~~~~~~~~~~~~~~~~~~~~~~~^^
  File "/usr/src/homeassistant/homeassistant/helpers/entity.py", line 1092, in __async_calculate_state
    if (entity_picture := self.entity_picture) is not None:
                          ^^^^^^^^^^^^^^^^^^^
  File "/config/custom_components/entur_sx/sensor.py", line 527, in entity_picture
    self._icon_svg_cache = _create_icon_svg(transport_mode)
                           ~~~~~~~~~~~~~~~~^^^^^^^^^^^^^^^^
  File "/config/custom_components/entur_sx/sensor.py", line 269, in _create_icon_svg
    icon_svg = base64.b64decode(icon_base64).decode('utf-8')
               ~~~~~~~~~~~~~~~~^^^^^^^^^^^^^
  File "/usr/local/lib/python3.13/base64.py", line 88, in b64decode
    return binascii.a2b_base64(s, strict_mode=validate)
           ~~~~~~~~~~~~~~~~~~~^^^^^^^^^^^^^^^^^^^^^^^^^
binascii.Error: Incorrect padding[0m
